
> entrelis@0.1.0 build
> next build

▲ Next.js 16.3.8 (Turbopack)
✓ Running next.config.ts took 24ms

  Creating an optimized production build ...
✓ Compiled successfully in 155ms
  Running TypeScript ...
  Finished TypeScript in 1958ms ...
  Collecting page data using 2 workers ...
  Generating static pages using 2 workers (0/13) ...
  Generating static pages using 2 workers (3/13)
  Generating static pages using 2 workers (6/13)
  Generating static pages using 2 workers (9/13)
✓ Generating static pages using 2 workers (13/13) in 361ms
  Finalizing page optimization ...

Route (app)
┌ ○ /
├ ○ /_not-found
├   /concept/[slug]
│ ├ ● /concept/rust
│ ├ ● /concept/ownership
│ ├ ● /concept/memory
│ └ ● [+4 more paths]
├ ○ /lab/celestial-3d
└ ○ /lab/celestial-nodes


○  (Static)  prerendered as static content
●  (SSG)     prerendered as static HTML (uses generateStaticParams)
